Archive member included to satisfy reference by file (symbol)

C:/ST/STM32CubeIDE_1.19.0/STM32CubeIDE/plugins/com.st.stm32cube.ide.mcu.externaltools.gnu-tools-for-stm32.13.3.rel1.win32_1.0.0.202411081344/tools/bin/../lib/gcc/arm-none-eabi/13.3.1/../../../../arm-none-eabi/lib/thumb/v7-m/nofp\libc_nano.a(libc_a-exit.o)
                              C:/ST/STM32CubeIDE_1.19.0/STM32CubeIDE/plugins/com.st.stm32cube.ide.mcu.externaltools.gnu-tools-for-stm32.13.3.rel1.win32_1.0.0.202411081344/tools/bin/../lib/gcc/arm-none-eabi/13.3.1/../../../../arm-none-eabi/lib/thumb/v7-m/nofp/crt0.o (exit)
C:/ST/STM32CubeIDE_1.19.0/STM32CubeIDE/plugins/com.st.stm32cube.ide.mcu.externaltools.gnu-tools-for-stm32.13.3.rel1.win32_1.0.0.202411081344/tools/bin/../lib/gcc/arm-none-eabi/13.3.1/../../../../arm-none-eabi/lib/thumb/v7-m/nofp\libc_nano.a(libc_a-findfp.o)
                              C:/ST/STM32CubeIDE_1.19.0/STM32CubeIDE/plugins/com.st.stm32cube.ide.mcu.externaltools.gnu-tools-for-stm32.13.3.rel1.win32_1.0.0.202411081344/tools/bin/../lib/gcc/arm-none-eabi/13.3.1/../../../../arm-none-eabi/lib/thumb/v7-m/nofp\libc_nano.a(libc_a-exit.o) (__stdio_exit_handler)
C:/ST/STM32CubeIDE_1.19.0/STM32CubeIDE/plugins/com.st.stm32cube.ide.mcu.externaltools.gnu-tools-for-stm32.13.3.rel1.win32_1.0.0.202411081344/tools/bin/../lib/gcc/arm-none-eabi/13.3.1/../../../../arm-none-eabi/lib/thumb/v7-m/nofp\libc_nano.a(libc_a-fwalk.o)
                              C:/ST/STM32CubeIDE_1.19.0/STM32CubeIDE/plugins/com.st.stm32cube.ide.mcu.externaltools.gnu-tools-for-stm32.13.3.rel1.win32_1.0.0.202411081344/tools/bin/../lib/gcc/arm-none-eabi/13.3.1/../../../../arm-none-eabi/lib/thumb/v7-m/nofp\libc_nano.a(libc_a-findfp.o) (_fwalk_sglue)
C:/ST/STM32CubeIDE_1.19.0/STM32CubeIDE/plugins/com.st.stm32cube.ide.mcu.externaltools.gnu-tools-for-stm32.13.3.rel1.win32_1.0.0.202411081344/tools/bin/../lib/gcc/arm-none-eabi/13.3.1/../../../../arm-none-eabi/lib/thumb/v7-m/nofp\libc_nano.a(libc_a-stdio.o)
                              C:/ST/STM32CubeIDE_1.19.0/STM32CubeIDE/plugins/com.st.stm32cube.ide.mcu.externaltools.gnu-tools-for-stm32.13.3.rel1.win32_1.0.0.202411081344/tools/bin/../lib/gcc/arm-none-eabi/13.3.1/../../../../arm-none-eabi/lib/thumb/v7-m/nofp\libc_nano.a(libc_a-findfp.o) (__sread)
C:/ST/STM32CubeIDE_1.19.0/STM32CubeIDE/plugins/com.st.stm32cube.ide.mcu.externaltools.gnu-tools-for-stm32.13.3.rel1.win32_1.0.0.202411081344/tools/bin/../lib/gcc/arm-none-eabi/13.3.1/../../../../arm-none-eabi/lib/thumb/v7-m/nofp\libc_nano.a(libc_a-memset.o)
                              C:/ST/STM32CubeIDE_1.19.0/STM32CubeIDE/plugins/com.st.stm32cube.ide.mcu.externaltools.gnu-tools-for-stm32.13.3.rel1.win32_1.0.0.202411081344/tools/bin/../lib/gcc/arm-none-eabi/13.3.1/../../../../arm-none-eabi/lib/thumb/v7-m/nofp/crt0.o (memset)
C:/ST/STM32CubeIDE_1.19.0/STM32CubeIDE/plugins/com.st.stm32cube.ide.mcu.externaltools.gnu-tools-for-stm32.13.3.rel1.win32_1.0.0.202411081344/tools/bin/../lib/gcc/arm-none-eabi/13.3.1/../../../../arm-none-eabi/lib/thumb/v7-m/nofp\libc_nano.a(libc_a-closer.o)
                              C:/ST/STM32CubeIDE_1.19.0/STM32CubeIDE/plugins/com.st.stm32cube.ide.mcu.externaltools.gnu-tools-for-stm32.13.3.rel1.win32_1.0.0.202411081344/tools/bin/../lib/gcc/arm-none-eabi/13.3.1/../../../../arm-none-eabi/lib/thumb/v7-m/nofp\libc_nano.a(libc_a-stdio.o) (_close_r)
C:/ST/STM32CubeIDE_1.19.0/STM32CubeIDE/plugins/com.st.stm32cube.ide.mcu.externaltools.gnu-tools-for-stm32.13.3.rel1.win32_1.0.0.202411081344/tools/bin/../lib/gcc/arm-none-eabi/13.3.1/../../../../arm-none-eabi/lib/thumb/v7-m/nofp\libc_nano.a(libc_a-reent.o)
                              C:/ST/STM32CubeIDE_1.19.0/STM32CubeIDE/plugins/com.st.stm32cube.ide.mcu.externaltools.gnu-tools-for-stm32.13.3.rel1.win32_1.0.0.202411081344/tools/bin/../lib/gcc/arm-none-eabi/13.3.1/../../../../arm-none-eabi/lib/thumb/v7-m/nofp\libc_nano.a(libc_a-closer.o) (errno)
C:/ST/STM32CubeIDE_1.19.0/STM32CubeIDE/plugins/com.st.stm32cube.ide.mcu.externaltools.gnu-tools-for-stm32.13.3.rel1.win32_1.0.0.202411081344/tools/bin/../lib/gcc/arm-none-eabi/13.3.1/../../../../arm-none-eabi/lib/thumb/v7-m/nofp\libc_nano.a(libc_a-impure.o)
                              C:/ST/STM32CubeIDE_1.19.0/STM32CubeIDE/plugins/com.st.stm32cube.ide.mcu.externaltools.gnu-tools-for-stm32.13.3.rel1.win32_1.0.0.202411081344/tools/bin/../lib/gcc/arm-none-eabi/13.3.1/../../../../arm-none-eabi/lib/thumb/v7-m/nofp\libc_nano.a(libc_a-reent.o) (_impure_ptr)
C:/ST/STM32CubeIDE_1.19.0/STM32CubeIDE/plugins/com.st.stm32cube.ide.mcu.externaltools.gnu-tools-for-stm32.13.3.rel1.win32_1.0.0.202411081344/tools/bin/../lib/gcc/arm-none-eabi/13.3.1/../../../../arm-none-eabi/lib/thumb/v7-m/nofp\libc_nano.a(libc_a-lseekr.o)
[...]
Memory Configuration

Name             Origin             Length             Attributes
RAM              0x20000000         0x00005000         xrw
FLASH            0x08000000         0x00010000         xr
*default*        0x00000000         0xffffffff

Linker script and memory map

LOAD C:/ST/STM32CubeIDE_1.19.0/STM32CubeIDE/plugins/com.st.stm32cube.ide.mcu.externaltools.gnu-tools-for-stm32.13.3.rel1.win32_1.0.0.202411081344/tools/bin/../lib/gcc/arm-none-eabi/13.3.1/thumb/v7-m/nofp/crti.o
LOAD C:/ST/STM32CubeIDE_1.19.0/STM32CubeIDE/plugins/com.st.stm32cube.ide.mcu.externaltools.gnu-tools-for-stm32.13.3.rel1.win32_1.0.0.202411081344/tools/bin/../lib/gcc/arm-none-eabi/13.3.1/thumb/v7-m/nofp/crtbegin.o
LOAD C:/ST/STM32CubeIDE_1.19.0/STM32CubeIDE/plugins/com.st.stm32cube.ide.mcu.externaltools.gnu-tools-for-stm32.13.3.rel1.win32_1.0.0.202411081344/tools/bin/../lib/gcc/arm-none-eabi/13.3.1/../../../../arm-none-eabi/lib/thumb/v7-m/nofp/crt0.o
LOAD ./Core/Src/fonts.o
LOAD ./Core/Src/main.o
LOAD ./Core/Src/ssd1306.o
LOAD ./Core/Src/stm32f1xx_hal_msp.o
LOAD ./Core/Src/stm32f1xx_it.o
LOAD ./Core/Src/syscalls.o
LOAD ./Core/Src/sysmem.o
LOAD ./Core/Src/system_stm32f1xx.o
LOAD ./Core/Startup/startup_stm32f103c8tx.o
LOAD ./Drivers/STM32F1xx_HAL_Driver/Src/stm32f1xx_hal.o
LOAD ./Drivers/STM32F1xx_HAL_Driver/Src/stm32f1xx_hal_cortex.o
LOAD ./Drivers/STM32F1xx_HAL_Driver/Src/stm32f1xx_hal_dma.o
LOAD ./Drivers/STM32F1xx_HAL_Driver/Src/stm32f1xx_hal_exti.o
LOAD ./Drivers/STM32F1xx_HAL_Driver/Src/stm32f1xx_hal_flash.o
LOAD ./Drivers/STM32F1xx_HAL_Driver/Src/stm32f1xx_hal_flash_ex.o
LOAD ./Drivers/STM32F1xx_HAL_Driver/Src/stm32f1xx_hal_gpio.o
LOAD ./Drivers/STM32F1xx_HAL_Driver/Src/stm32f1xx_hal_gpio_ex.o
LOAD ./Drivers/STM32F1xx_HAL_Driver/Src/stm32f1xx_hal_i2c.o
LOAD ./Drivers/STM32F1xx_HAL_Driver/Src/stm32f1xx_hal_pwr.o
LOAD ./Drivers/STM32F1xx_HAL_Driver/Src/stm32f1xx_hal_rcc.o
LOAD ./Drivers/STM32F1xx_HAL_Driver/Src/stm32f1xx_hal_rcc_ex.o
START GROUP
LOAD C:/ST/STM32CubeIDE_1.19.0/STM32CubeIDE/plugins/com.st.stm32cube.ide.mcu.externaltools.gnu-tools-for-stm32.13.3.rel1.win32_1.0.0.202411081344/tools/bin/../lib/gcc/arm-none-eabi/13.3.1/../../../../arm-none-eabi/lib/thumb/v7-m/nofp\libc_nano.a
LOAD C:/ST/STM32CubeIDE_1.19.0/STM32CubeIDE/plugins/com.st.stm32cube.ide.mcu.externaltools.gnu-tools-for-stm32.13.3.rel1.win32_1.0.0.202411081344/tools/bin/../lib/gcc/arm-none-eabi/13.3.1/../../../../arm-none-eabi/lib/thumb/v7-m/nofp\libm.a
END GROUP
START GROUP
LOAD C:/ST/STM32CubeIDE_1.19.0/STM32CubeIDE/plugins/com.st.stm32cube.ide.mcu.externaltools.gnu-tools-for-stm32.13.3.rel1.win32_1.0.0.202411081344/tools/bin/../lib/gcc/arm-none-eabi/13.3.1/thumb/v7-m/nofp\libgcc.a
LOAD C:/ST/STM32CubeIDE_1.19.0/STM32CubeIDE/plugins/com.st.stm32cube.ide.mcu.externaltools.gnu-tools-for-stm32.13.3.rel1.win32_1.0.0.202411081344/tools/bin/../lib/gcc/arm-none-eabi/13.3.1/../../../../arm-none-eabi/lib/thumb/v7-m/nofp\libc_nano.a
END GROUP
START GROUP
LOAD C:/ST/STM32CubeIDE_1.19.0/STM32CubeIDE/plugins/com.st.stm32cube.ide.mcu.externaltools.gnu-tools-for-stm32.13.3.rel1.win32_1.0.0.202411081344/tools/bin/../lib/gcc/arm-none-eabi/13.3.1/thumb/v7-m/nofp\libgcc.a
LOAD C:/ST/STM32CubeIDE_1.19.0/STM32CubeIDE/plugins/com.st.stm32cube.ide.mcu.externaltools.gnu-tools-for-stm32.13.3.rel1.win32_1.0.0.202411081344/tools/bin/../lib/gcc/arm-none-eabi/13.3.1/../../../../arm-none-eabi/lib/thumb/v7-m/nofp\libc_nano.a
LOAD C:/ST/STM32CubeIDE_1.19.0/STM32CubeIDE/plugins/com.st.stm32cube.ide.mcu.externaltools.gnu-tools-for-stm32.13.3.rel1.win32_1.0.0.202411081344/tools/bin/../lib/gcc/arm-none-eabi/13.3.1/../../../../arm-none-eabi/lib/thumb/v7-m/nofp\libnosys.a
END GROUP
START GROUP
LOAD C:/ST/STM32CubeIDE_1.19.0/STM32CubeIDE/plugins/com.st.stm32cube.ide.mcu.externaltools.gnu-tools-for-stm32.13.3.rel1.win32_1.0.0.202411081344/tools/bin/../lib/gcc/arm-none-eabi/13.3.1/thumb/v7-m/nofp\libgcc.a
LOAD C:/ST/STM32CubeIDE_1.19.0/STM32CubeIDE/plugins/com.st.stm32cube.ide.mcu.externaltools.gnu-tools-for-stm32.13.3.rel1.win32_1.0.0.202411081344/tools/bin/../lib/gcc/arm-none-eabi/13.3.1/../../../../arm-none-eabi/lib/thumb/v7-m/nofp\libc_nano.a
LOAD C:/ST/STM32CubeIDE_1.19.0/STM32CubeIDE/plugins/com.st.stm32cube.ide.mcu.externaltools.gnu-tools-for-stm32.13.3.rel1.win32_1.0.0.202411081344/tools/bin/../lib/gcc/arm-none-eabi/13.3.1/../../../../arm-none-eabi/lib/thumb/v7-m/nofp\libnosys.a
END GROUP
LOAD C:/ST/STM32CubeIDE_1.19.0/STM32CubeIDE/plugins/com.st.stm32cube.ide.mcu.externaltools.gnu-tools-for-stm32.13.3.rel1.win32_1.0.0.202411081344/tools/bin/../lib/gcc/arm-none-eabi/13.3.1/thumb/v7-m/nofp/crtend.o
LOAD C:/ST/STM32CubeIDE_1.19.0/STM32CubeIDE/plugins/com.st.stm32cube.ide.mcu.externaltools.gnu-tools-for-stm32.13.3.rel1.win32_1.0.0.202411081344/tools/bin/../lib/gcc/arm-none-eabi/13.3.1/thumb/v7-m/nofp/crtn.o
                0x20005000                        _estack = (ORIGIN (RAM) + LENGTH (RAM))
                0x00000200                        _Min_Heap_Size = 0x200
                0x00000400                        _Min_Stack_Size = 0x400

.isr_vector     0x08000000      0x10c
                0x08000000                        . = ALIGN (0x4)
 *(.isr_vector)
 .isr_vector    0x08000000      0x10c ./Core/Startup/startup_stm32f103c8tx.o
                0x08000000                g_pfnVectors
                0x0800010c                        . = ALIGN (0x4)

.text           0x0800010c     0x312c
                0x0800010c                        . = ALIGN (0x4)
 *(.text)
 .text          0x0800010c       0x40 C:/ST/STM32CubeIDE_1.19.0/STM32CubeIDE/plugins/com.st.stm32cube.ide.mcu.externaltools.gnu-tools-for-stm32.13.3.rel1.win32_1.0.0.202411081344/tools/bin/../lib/gcc/arm-none-eabi/13.3.1/thumb/v7-m/nofp/crtbegin.o
 *(.text*)
 .text.main     0x0800014c      0x298 ./Core/Src/main.o
                0x0800014c                main
 .text.Add_Winning_Position
                0x080003e4       0x48 ./Core/Src/main.o
                0x080003e4                Add_Winning_Position
 .text.Is_Position_In_Winning_List
                0x0800042c       0x48 ./Core/Src/main.o
                0x0800042c                Is_Position_In_Winning_List
 .text.Check_Winner
                0x08000474      0x1d4 ./Core/Src/main.o
                0x08000474                Check_Winner
 .text.Check_Draw
                0x08000648       0x20 ./Core/Src/main.o
                0x08000648                Check_Draw
 .text.Reset_Game
                0x08000668       0x7c ./Core/Src/main.o
                0x08000668                Reset_Game
 .text.Display_Current_Player
                0x080006e4       0x80 ./Core/Src/main.o
                0x080006e4                Display_Current_Player
 .text.Display_Invalid_Move
                0x08000764       0x40 ./Core/Src/main.o
                0x08000764                Display_Invalid_Move
 .text.Display_Winner
                0x080007a4       0x84 ./Core/Src/main.o
                0x080007a4                Display_Winner
 .text.Display_Draw
                0x08000828       0x44 ./Core/Src/main.o
                0x08000828                Display_Draw
 .text.Turn_On_Blue_LED
                0x0800086c       0xbc ./Core/Src/main.o
                0x0800086c                Turn_On_Blue_LED
 .text.Turn_On_Red_LED
                0x08000928       0xcc ./Core/Src/main.o
                0x08000928                Turn_On_Red_LED
 .text.Turn_Off_LED
                0x080009f4      0x180 ./Core/Src/main.o
                0x080009f4                Turn_Off_LED
 .text.Turn_Off_All_LEDs
                0x08000b74       0xd8 ./Core/Src/main.o
                0x08000b74                Turn_Off_All_LEDs
 .text.Keypad_Read
                0x08000c4c      0x270 ./Core/Src/main.o
                0x08000c4c                Keypad_Read
 .text.SystemClock_Config
                0x08000ebc       0x76 ./Core/Src/main.o
                0x08000ebc                SystemClock_Config
 *fill*         0x08000f32        0x2 
 .text.MX_I2C2_Init
                0x08000f34       0x5c ./Core/Src/main.o
 .text.MX_GPIO_Init
                0x08000f90      0x14c ./Core/Src/main.o
 .text.Error_Handler
                0x080010dc        0xc ./Core/Src/main.o
                0x080010dc                Error_Handler
 .text.SSD1306_Init
                0x080010e8      0x188 ./Core/Src/ssd1306.o
                0x080010e8                SSD1306_Init
 .text.SSD1306_UpdateScreen
                0x08001270       0x5c ./Core/Src/ssd1306.o
                0x08001270                SSD1306_UpdateScreen
 .text.SSD1306_Fill
                0x080012cc       0x30 ./Core/Src/ssd1306.o
                0x080012cc                SSD1306_Fill
 .text.SSD1306_DrawPixel
                0x080012fc       0xbc ./Core/Src/ssd1306.o
                0x080012fc                SSD1306_DrawPixel
 .text.SSD1306_GotoXY
                0x080013b8       0x2c ./Core/Src/ssd1306.o
                0x080013b8                SSD1306_GotoXY
 .text.SSD1306_Putc
                0x080013e4       0xfc ./Core/Src/ssd1306.o
                0x080013e4                SSD1306_Putc
 .text.SSD1306_Puts
                0x080014e0       0x4a ./Core/Src/ssd1306.o
                0x080014e0                SSD1306_Puts
 .text.SSD1306_Clear
                0x0800152a       0x12 ./Core/Src/ssd1306.o
                0x0800152a                SSD1306_Clear
 .text.ssd1306_I2C_Init
                0x0800153c       0x28 ./Core/Src/ssd1306.o
                0x0800153c                ssd1306_I2C_Init
 .text.ssd1306_I2C_WriteMulti
                0x08001564       0xcc ./Core/Src/ssd1306.o
                0x08001564                ssd1306_I2C_WriteMulti
 .text.ssd1306_I2C_Write
                0x08001630       0x3c ./Core/Src/ssd1306.o
                0x08001630                ssd1306_I2C_Write
 .text.HAL_MspInit
                0x0800166c       0x64 ./Core/Src/stm32f1xx_hal_msp.o
                0x0800166c                HAL_MspInit
 .text.HAL_I2C_MspInit
                0x080016d0       0x80 ./Core/Src/stm32f1xx_hal_msp.o
                0x080016d0                HAL_I2C_MspInit
 .text.NMI_Handler
                0x08001750        0x8 ./Core/Src/stm32f1xx_it.o
                0x08001750                NMI_Handler
 .text.HardFault_Handler
                0x08001758        0x8 ./Core/Src/stm32f1xx_it.o
                0x08001758                HardFault_Handler
 .text.MemManage_Handler
                0x08001760        0x8 ./Core/Src/stm32f1xx_it.o
                0x08001760                MemManage_Handler
 .text.BusFault_Handler
                0x08001768        0x8 ./Core/Src/stm32f1xx_it.o
                0x08001768                BusFault_Handler
 .text.UsageFault_Handler
                0x08001770        0x8 ./Core/Src/stm32f1xx_it.o
                0x08001770                UsageFault_Handler
 .text.SVC_Handler
                0x08001778        0xc ./Core/Src/stm32f1xx_it.o
                0x08001778                SVC_Handler
 .text.DebugMon_Handler
                0x08001784        0xc ./Core/Src/stm32f1xx_it.o
                0x08001784                DebugMon_Handler
 .text.PendSV_Handler
                0x08001790        0xc ./Core/Src/stm32f1xx_it.o
                0x08001790                PendSV_Handler
 .text.SysTick_Handler
                0x0800179c        0xc ./Core/Src/stm32f1xx_it.o
                0x0800179c                SysTick_Handler
 .text.SystemInit
                0x080017a8        0xc ./Core/Src/system_stm32f1xx.o
                0x080017a8                SystemInit
 .text.Reset_Handler
                0x080017b4       0x48 ./Core/Startup/startup_stm32f103c8tx.o
                0x080017b4                Reset_Handler
 .text.Default_Handler
                0x080017fc        0x2 ./Core/Startup/startup_stm32f103c8tx.o
                0x080017fc                RTC_Alarm_IRQHandler
                0x080017fc                EXTI2_IRQHandler
                0x080017fc                TIM1_CC_IRQHandler
                0x080017fc                PVD_IRQHandler
                0x080017fc                EXTI3_IRQHandler
                0x080017fc                EXTI0_IRQHandler
                0x080017fc                I2C2_EV_IRQHandler
                0x080017fc                ADC1_2_IRQHandler
                0x080017fc                SPI1_IRQHandler
                0x080017fc                TAMPER_IRQHandler
                0x080017fc                DMA1_Channel4_IRQHandler
                0x080017fc                USART3_IRQHandler
                0x080017fc                RTC_IRQHandler
                0x080017fc                DMA1_Channel7_IRQHandler
                0x080017fc                CAN1_RX1_IRQHandler
                0x080017fc                TIM4_IRQHandler
                0x080017fc                I2C1_EV_IRQHandler
                0x080017fc                DMA1_Channel6_IRQHandler
                0x080017fc                TIM3_IRQHandler
                0x080017fc                RCC_IRQHandler
                0x080017fc                TIM1_TRG_COM_IRQHandler
                0x080017fc                DMA1_Channel1_IRQHandler
                0x080017fc                Default_Handler
                0x080017fc                EXTI15_10_IRQHandler
                0x080017fc                EXTI9_5_IRQHandler
                0x080017fc                SPI2_IRQHandler
                0x080017fc                DMA1_Channel5_IRQHandler
                0x080017fc                EXTI4_IRQHandler
                0x080017fc                USB_LP_CAN1_RX0_IRQHandler
                0x080017fc                USB_HP_CAN1_TX_IRQHandler
                0x080017fc                DMA1_Channel3_IRQHandler
                0x080017fc                TIM1_UP_IRQHandler
                0x080017fc                WWDG_IRQHandler
                0x080017fc                TIM2_IRQHandler
                0x080017fc                TIM1_BRK_IRQHandler
                0x080017fc                EXTI1_IRQHandler
                0x080017fc                USART2_IRQHandler
                0x080017fc                I2C2_ER_IRQHandler
                0x080017fc                DMA1_Channel2_IRQHandler
                0x080017fc                CAN1_SCE_IRQHandler
                0x080017fc                FLASH_IRQHandler
                0x080017fc                USART1_IRQHandler
                0x080017fc                I2C1_ER_IRQHandler
                0x080017fc                USBWakeUp_IRQHandler
 *fill*         0x080017fe        0x2 
 .text.HAL_Init
                0x08001800       0x2c ./Drivers/STM32F1xx_HAL_Driver/Src/stm32f1xx_hal.o
                0x08001800                HAL_Init
 .text.HAL_InitTick
                0x0800182c       0x60 ./Drivers/STM32F1xx_HAL_Driver/Src/stm32f1xx_hal.o
                0x0800182c                HAL_InitTick
 .text.HAL_IncTick
                0x0800188c       0x24 ./Drivers/STM32F1xx_HAL_Driver/Src/stm32f1xx_hal.o
                0x0800188c                HAL_IncTick
 .text.HAL_GetTick
                0x080018b0       0x14 ./Drivers/STM32F1xx_HAL_Driver/Src/stm32f1xx_hal.o
                0x080018b0                HAL_GetTick
 .text.HAL_Delay
                0x080018c4       0x48 ./Drivers/STM32F1xx_HAL_Driver/Src/stm32f1xx_hal.o
                0x080018c4                HAL_Delay
 .text.__NVIC_SetPriorityGrouping
                0x0800190c       0x48 ./Drivers/STM32F1xx_HAL_Driver/Src/stm32f1xx_hal_cortex.o
 .text.__NVIC_GetPriorityGrouping
                0x08001954       0x1c ./Drivers/STM32F1xx_HAL_Driver/Src/stm32f1xx_hal_cortex.o
 .text.__NVIC_SetPriority
                0x08001970       0x54 ./Drivers/STM32F1xx_HAL_Driver/Src/stm32f1xx_hal_cortex.o
 .text.NVIC_EncodePriority
                0x080019c4       0x64 ./Drivers/STM32F1xx_HAL_Driver/Src/stm32f1xx_hal_cortex.o
 .text.SysTick_Config
                0x08001a28       0x44 ./Drivers/STM32F1xx_HAL_Driver/Src/stm32f1xx_hal_cortex.o
 .text.HAL_NVIC_SetPriorityGrouping
                0x08001a6c       0x16 ./Drivers/STM32F1xx_HAL_Driver/Src/stm32f1xx_hal_cortex.o
                0x08001a6c                HAL_NVIC_SetPriorityGrouping
 .text.HAL_NVIC_SetPriority
                0x08001a82       0x38 ./Drivers/STM32F1xx_HAL_Driver/Src/stm32f1xx_hal_cortex.o
                0x08001a82                HAL_NVIC_SetPriority
 .text.HAL_SYSTICK_Config
                0x08001aba       0x18 ./Drivers/STM32F1xx_HAL_Driver/Src/stm32f1xx_hal_cortex.o
                0x08001aba                HAL_SYSTICK_Config
 *fill*         0x08001ad2        0x2 
 .text.HAL_GPIO_Init
                0x08001ad4      0x308 ./Drivers/STM32F1xx_HAL_Driver/Src/stm32f1xx_hal_gpio.o
                0x08001ad4                HAL_GPIO_Init
 .text.HAL_GPIO_ReadPin
                0x08001ddc       0x2e ./Drivers/STM32F1xx_HAL_Driver/Src/stm32f1xx_hal_gpio.o
                0x08001ddc                HAL_GPIO_ReadPin
 .text.HAL_GPIO_WritePin
                0x08001e0a       0x30 ./Drivers/STM32F1xx_HAL_Driver/Src/stm32f1xx_hal_gpio.o
                0x08001e0a                HAL_GPIO_WritePin
 *fill*         0x08001e3a        0x2 
 .text.HAL_I2C_Init
                0x08001e3c      0x288 ./Drivers/STM32F1xx_HAL_Driver/Src/stm32f1xx_hal_i2c.o
                0x08001e3c                HAL_I2C_Init
 .text.HAL_I2C_Master_Transmit
                0x080020c4      0x1fc ./Drivers/STM32F1xx_HAL_Driver/Src/stm32f1xx_hal_i2c.o
                0x080020c4                HAL_I2C_Master_Transmit
 .text.HAL_I2C_IsDeviceReady
                0x080022c0      0x25c ./Drivers/STM32F1xx_HAL_Driver/Src/stm32f1xx_hal_i2c.o
                0x080022c0                HAL_I2C_IsDeviceReady
 .text.I2C_MasterRequestWrite
                0x0800251c      0x104 ./Drivers/STM32F1xx_HAL_Driver/Src/stm32f1xx_hal_i2c.o
 .text.I2C_WaitOnFlagUntilTimeout
                0x08002620       0xf4 ./Drivers/STM32F1xx_HAL_Driver/Src/stm32f1xx_hal_i2c.o
 .text.I2C_WaitOnMasterAddressFlagUntilTimeout
                0x08002714      0x140 ./Drivers/STM32F1xx_HAL_Driver/Src/stm32f1xx_hal_i2c.o
 .text.I2C_WaitOnTXEFlagUntilTimeout
                0x08002854       0x90 ./Drivers/STM32F1xx_HAL_Driver/Src/stm32f1xx_hal_i2c.o
 .text.I2C_WaitOnBTFFlagUntilTimeout
                0x080028e4       0x90 ./Drivers/STM32F1xx_HAL_Driver/Src/stm32f1xx_hal_i2c.o
 .text.I2C_IsAcknowledgeFailed
                0x08002974       0x5c ./Drivers/STM32F1xx_HAL_Driver/Src/stm32f1xx_hal_i2c.o
 .text.HAL_RCC_OscConfig
                0x080029d0      0x504 ./Drivers/STM32F1xx_HAL_Driver/Src/stm32f1xx_hal_rcc.o
                0x080029d0                HAL_RCC_OscConfig
 .text.HAL_RCC_ClockConfig
                0x08002ed4      0x1d4 ./Drivers/STM32F1xx_HAL_Driver/Src/stm32f1xx_hal_rcc.o
                0x08002ed4                HAL_RCC_ClockConfig
 .text.HAL_RCC_GetSysClockFreq
                0x080030a8       0xa8 ./Drivers/STM32F1xx_HAL_Driver/Src/stm32f1xx_hal_rcc.o
                0x080030a8                HAL_RCC_GetSysClockFreq
 .text.HAL_RCC_GetHCLKFreq
                0x08003150       0x14 ./Drivers/STM32F1xx_HAL_Driver/Src/stm32f1xx_hal_rcc.o
                0x08003150                HAL_RCC_GetHCLKFreq
 .text.HAL_RCC_GetPCLK1Freq
                0x08003164       0x28 ./Drivers/STM32F1xx_HAL_Driver/Src/stm32f1xx_hal_rcc.o
                0x08003164                HAL_RCC_GetPCLK1Freq
 .text.RCC_Delay
                0x0800318c       0x3c ./Drivers/STM32F1xx_HAL_Driver/Src/stm32f1xx_hal_rcc.o
 .text.memset   0x080031c8       0x10 C:/ST/STM32CubeIDE_1.19.0/STM32CubeIDE/plugins/com.st.stm32cube.ide.mcu.externaltools.gnu-tools-for-stm32.13.3.rel1.win32_1.0.0.202411081344/tools/bin/../lib/gcc/arm-none-eabi/13.3.1/../../../../arm-none-eabi/lib/thumb/v7-m/nofp\libc_nano.a(libc_a-memset.o)
                0x080031c8                memset
 .text.__libc_init_array
                0x080031d8       0x48 C:/ST/STM32CubeIDE_1.19.0/STM32CubeIDE/plugins/com.st.stm32cube.ide.mcu.externaltools.gnu-tools-for-stm32.13.3.rel1.win32_1.0.0.202411081344/tools/bin/../lib/gcc/arm-none-eabi/13.3.1/../../../../arm-none-eabi/lib/thumb/v7-m/nofp\libc_nano.a(libc_a-init.o)
                0x080031d8                __libc_init_array
 *(.glue_7)
 .glue_7        0x08003220        0x0 linker stubs
 *(.glue_7t)
 .glue_7t       0x08003220        0x0 linker stubs
 *(.eh_frame)
 .eh_frame      0x08003220        0x0 C:/ST/STM32CubeIDE_1.19.0/STM32CubeIDE/plugins/com.st.stm32cube.ide.mcu.externaltools.gnu-tools-for-stm32.13.3.rel1.win32_1.0.0.202411081344/tools/bin/../lib/gcc/arm-none-eabi/13.3.1/thumb/v7-m/nofp/crtbegin.o
 *(.init)
 .init          0x08003220        0x4 C:/ST/STM32CubeIDE_1.19.0/STM32CubeIDE/plugins/com.st.stm32cube.ide.mcu.externaltools.gnu-tools-for-stm32.13.3.rel1.win32_1.0.0.202411081344/tools/bin/../lib/gcc/arm-none-eabi/13.3.1/thumb/v7-m/nofp/crti.o
                0x08003220                _init
 .init          0x08003224        0x8 C:/ST/STM32CubeIDE_1.19.0/STM32CubeIDE/plugins/com.st.stm32cube.ide.mcu.externaltools.gnu-tools-for-stm32.13.3.rel1.win32_1.0.0.202411081344/tools/bin/../lib/gcc/arm-none-eabi/13.3.1/thumb/v7-m/nofp/crtn.o
 *(.fini)
 .fini          0x0800322c        0x4 C:/ST/STM32CubeIDE_1.19.0/STM32CubeIDE/plugins/com.st.stm32cube.ide.mcu.externaltools.gnu-tools-for-stm32.13.3.rel1.win32_1.0.0.202411081344/tools/bin/../lib/gcc/arm-none-eabi/13.3.1/thumb/v7-m/nofp/crti.o
                0x0800322c                _fini
 .fini          0x08003230        0x8 C:/ST/STM32CubeIDE_1.19.0/STM32CubeIDE/plugins/com.st.stm32cube.ide.mcu.externaltools.gnu-tools-for-stm32.13.3.rel1.win32_1.0.0.202411081344/tools/bin/../lib/gcc/arm-none-eabi/13.3.1/thumb/v7-m/nofp/crtn.o
                0x08003238                        . = ALIGN (0x4)
                0x08003238                        _etext = .

.vfp11_veneer   0x08003238        0x0
 .vfp11_veneer  0x08003238        0x0 linker stubs

.v4_bx          0x08003238        0x0
 .v4_bx         0x08003238        0x0 linker stubs

.iplt           0x08003238        0x0
 .iplt          0x08003238        0x0 C:/ST/STM32CubeIDE_1.19.0/STM32CubeIDE/plugins/com.st.stm32cube.ide.mcu.externaltools.gnu-tools-for-stm32.13.3.rel1.win32_1.0.0.202411081344/tools/bin/../lib/gcc/arm-none-eabi/13.3.1/thumb/v7-m/nofp/crtbegin.o

.rodata         0x08003238     0x28c0
                0x08003238                        . = ALIGN (0x4)
 *(.rodata)
 .rodata        0x08003238       0x7e ./Core/Src/main.o
 *(.rodata*)
 *fill*         0x080032b6        0x2 
 .rodata.Font7x10
                0x080032b8      0x76c ./Core/Src/fonts.o
                0x080032b8                Font7x10
 .rodata.Font11x18
                0x08003a24      0xd5c ./Core/Src/fonts.o
                0x08003a24                Font11x18
 .rodata.Font16x26
                0x08004780     0x134c ./Core/Src/fonts.o
                0x08004780                Font16x26
 .rodata.AHBPrescTable
                0x08005acc       0x10 ./Core/Src/system_stm32f1xx.o
                0x08005acc                AHBPrescTable
 .rodata.APBPrescTable
                0x08005adc        0x8 ./Core/Src/system_stm32f1xx.o
                0x08005adc                APBPrescTable
 .rodata.aPLLMULFactorTable.1
                0x08005ae4       0x10 ./Drivers/STM32F1xx_HAL_Driver/Src/stm32f1xx_hal_rcc.o
 .rodata.aPredivFactorTable.0
                0x08005af4        0x2 ./Drivers/STM32F1xx_HAL_Driver/Src/stm32f1xx_hal_rcc.o
                0x08005af8                        . = ALIGN (0x4)
 *fill*         0x08005af6        0x2 

.ARM.extab      0x08005af8        0x0
                0x08005af8                        . = ALIGN (0x4)
 *(.ARM.extab* .gnu.linkonce.armextab.*)
                0x08005af8                        . = ALIGN (0x4)

.ARM            0x08005af8        0x0
                0x08005af8                        . = ALIGN (0x4)
                0x08005af8                        __exidx_start = .
 *(.ARM.exidx*)
                0x08005af8                        __exidx_end = .
                0x08005af8                        . = ALIGN (0x4)

.preinit_array  0x08005af8        0x0
                0x08005af8                        . = ALIGN (0x4)
                0x08005af8                        PROVIDE (__preinit_array_start = .)
 *(.preinit_array*)
                0x08005af8                        PROVIDE (__preinit_array_end = .)
                0x08005af8                        . = ALIGN (0x4)

.init_array     0x08005af8        0x4
                0x08005af8                        . = ALIGN (0x4)
                0x08005af8                        PROVIDE (__init_array_start = .)
 *(SORT_BY_NAME(.init_array.*))
 *(.init_array*)
 .init_array    0x08005af8        0x4 C:/ST/STM32CubeIDE_1.19.0/STM32CubeIDE/plugins/com.st.stm32cube.ide.mcu.externaltools.gnu-tools-for-stm32.13.3.rel1.win32_1.0.0.202411081344/tools/bin/../lib/gcc/arm-none-eabi/13.3.1/thumb/v7-m/nofp/crtbegin.o
                0x08005afc                        PROVIDE (__init_array_end = .)
                0x08005afc                        . = ALIGN (0x4)

.fini_array     0x08005afc        0x4
                0x08005afc                        . = ALIGN (0x4)
                [!provide]                        PROVIDE (__fini_array_start = .)
 *(SORT_BY_NAME(.fini_array.*))
 *(.fini_array*)
 .fini_array    0x08005afc        0x4 C:/ST/STM32CubeIDE_1.19.0/STM32CubeIDE/plugins/com.st.stm32cube.ide.mcu.externaltools.gnu-tools-for-stm32.13.3.rel1.win32_1.0.0.202411081344/tools/bin/../lib/gcc/arm-none-eabi/13.3.1/thumb/v7-m/nofp/crtbegin.o
                [!provide]                        PROVIDE (__fini_array_end = .)
                0x08005b00                        . = ALIGN (0x4)
                0x08005b00                        _sidata = LOADADDR (.data)

.rel.dyn        0x08005b00        0x0
 .rel.iplt      0x08005b00        0x0 C:/ST/STM32CubeIDE_1.19.0/STM32CubeIDE/plugins/com.st.stm32cube.ide.mcu.externaltools.gnu-tools-for-stm32.13.3.rel1.win32_1.0.0.202411081344/tools/bin/../lib/gcc/arm-none-eabi/13.3.1/thumb/v7-m/nofp/crtbegin.o

.data           0x20000000       0x24 load address 0x08005b00
                0x20000000                        . = ALIGN (0x4)
                0x20000000                        _sdata = .
 *(.data)
 *(.data*)
 .data.Font_7x10
                0x20000000        0x8 ./Core/Src/fonts.o
                0x20000000                Font_7x10
 .data.Font_11x18
                0x20000008        0x8 ./Core/Src/fonts.o
                0x20000008                Font_11x18
 .data.Font_16x26
                0x20000010        0x8 ./Core/Src/fonts.o
                0x20000010                Font_16x26
 .data.SystemCoreClock
                0x20000018        0x4 ./Core/Src/system_stm32f1xx.o
                0x20000018                SystemCoreClock
 .data.uwTickPrio
                0x2000001c        0x4 ./Drivers/STM32F1xx_HAL_Driver/Src/stm32f1xx_hal.o
                0x2000001c                uwTickPrio
 .data.uwTickFreq
                0x20000020        0x1 ./Drivers/STM32F1xx_HAL_Driver/Src/stm32f1xx_hal.o
                0x20000020                uwTickFreq
 *(.RamFunc)
 *(.RamFunc*)
                0x20000024                        . = ALIGN (0x4)
 *fill*         0x20000021        0x3 
                0x20000024                        _edata = .

.igot.plt       0x20000024        0x0 load address 0x08005b24
 .igot.plt      0x20000024        0x0 C:/ST/STM32CubeIDE_1.19.0/STM32CubeIDE/plugins/com.st.stm32cube.ide.mcu.externaltools.gnu-tools-for-stm32.13.3.rel1.win32_1.0.0.202411081344/tools/bin/../lib/gcc/arm-none-eabi/13.3.1/thumb/v7-m/nofp/crtbegin.o
                0x20000024                        . = ALIGN (0x4)

.bss            0x20000024      0x498 load address 0x08005b24
                0x20000024                        _sbss = .
                0x20000024                        __bss_start__ = _sbss
 *(.bss)
 .bss           0x20000024       0x1c C:/ST/STM32CubeIDE_1.19.0/STM32CubeIDE/plugins/com.st.stm32cube.ide.mcu.externaltools.gnu-tools-for-stm32.13.3.rel1.win32_1.0.0.202411081344/tools/bin/../lib/gcc/arm-none-eabi/13.3.1/thumb/v7-m/nofp/crtbegin.o
 *(.bss*)
 .bss.hi2c2     0x20000040       0x54 ./Core/Src/main.o
                0x20000040                hi2c2
 .bss.currentPlayer
                0x20000094        0x1 ./Core/Src/main.o
                0x20000094                currentPlayer
 *fill*         0x20000095        0x3 
 .bss.gameBoard
                0x20000098        0xa ./Core/Src/main.o
                0x20000098                gameBoard
 .bss.gameState
                0x200000a2        0x1 ./Core/Src/main.o
                0x200000a2                gameState
 .bss.moveCount
                0x200000a3        0x1 ./Core/Src/main.o
                0x200000a3                moveCount
 .bss.winningPositions
                0x200000a4        0x9 ./Core/Src/main.o
                0x200000a4                winningPositions
 .bss.winningCount
                0x200000ad        0x1 ./Core/Src/main.o
                0x200000ad                winningCount
 .bss.hasWinningCombo
                0x200000ae        0x1 ./Core/Src/main.o
                0x200000ae                hasWinningCombo
 *fill*         0x200000af        0x1 
 .bss.SSD1306_Buffer
                0x200000b0      0x400 ./Core/Src/ssd1306.o
 .bss.SSD1306   0x200004b0        0x6 ./Core/Src/ssd1306.o
 *fill*         0x200004b6        0x2 
 .bss.uwTick    0x200004b8        0x4 ./Drivers/STM32F1xx_HAL_Driver/Src/stm32f1xx_hal.o
                0x200004b8                uwTick
 *(COMMON)
                0x200004bc                        . = ALIGN (0x4)
                0x200004bc                        _ebss = .
                0x200004bc                        __bss_end__ = _ebss

._user_heap_stack
                0x200004bc      0x604 load address 0x08005b24
                0x200004c0                        . = ALIGN (0x8)
 *fill*         0x200004bc        0x4 
                [!provide]                        PROVIDE (end = .)
                0x200004c0                        PROVIDE (_end = .)
                0x200006c0                        . = (. + _Min_Heap_Size)
 *fill*         0x200004c0      0x200 
                0x20000ac0                        . = (. + _Min_Stack_Size)
 *fill*         0x200006c0      0x400 
                0x20000ac0                        . = ALIGN (0x8)

/DISCARD/
 libc.a(*)
 libm.a(*)
 libgcc.a(*)

.ARM.attributes
                0x00000000       0x29
 *(.ARM.attributes)
 .ARM.attributes
                0x00000000       0x1d C:/ST/STM32CubeIDE_1.19.0/STM32CubeIDE/plugins/com.st.stm32cube.ide.mcu.externaltools.gnu-tools-for-stm32.13.3.rel1.win32_1.0.0.202411081344/tools/bin/../lib/gcc/arm-none-eabi/13.3.1/thumb/v7-m/nofp/crti.o
 .ARM.attributes
                0x0000001d       0x2d C:/ST/STM32CubeIDE_1.19.0/STM32CubeIDE/plugins/com.st.stm32cube.ide.mcu.externaltools.gnu-tools-for-stm32.13.3.rel1.win32_1.0.0.202411081344/tools/bin/../lib/gcc/arm-none-eabi/13.3.1/thumb/v7-m/nofp/crtbegin.o
 .ARM.attributes
                0x0000004a       0x2d ./Core/Src/fonts.o
 .ARM.attributes
                0x00000077       0x2d ./Core/Src/main.o
 .ARM.attributes
                0x000000a4       0x2d ./Core/Src/ssd1306.o
 .ARM.attributes
                0x000000d1       0x2d ./Core/Src/stm32f1xx_hal_msp.o
 .ARM.attributes
                0x000000fe       0x2d ./Core/Src/stm32f1xx_it.o
 .ARM.attributes
                0x0000012b       0x2d ./Core/Src/system_stm32f1xx.o
 .ARM.attributes
                0x00000158       0x21 ./Core/Startup/startup_stm32f103c8tx.o
 .ARM.attributes
                0x00000179       0x2d ./Drivers/STM32F1xx_HAL_Driver/Src/stm32f1xx_hal.o
 .ARM.attributes
                0x000001a6       0x2d ./Drivers/STM32F1xx_HAL_Driver/Src/stm32f1xx_hal_cortex.o
 .ARM.attributes
                0x000001d3       0x2d ./Drivers/STM32F1xx_HAL_Driver/Src/stm32f1xx_hal_gpio.o
 .ARM.attributes
                0x00000200       0x2d ./Drivers/STM32F1xx_HAL_Driver/Src/stm32f1xx_hal_i2c.o
 .ARM.attributes
                0x0000022d       0x2d ./Drivers/STM32F1xx_HAL_Driver/Src/stm32f1xx_hal_rcc.o
 .ARM.attributes
                0x0000025a       0x2d C:/ST/STM32CubeIDE_1.19.0/STM32CubeIDE/plugins/com.st.stm32cube.ide.mcu.externaltools.gnu-tools-for-stm32.13.3.rel1.win32_1.0.0.202411081344/tools/bin/../lib/gcc/arm-none-eabi/13.3.1/../../../../arm-none-eabi/lib/thumb/v7-m/nofp\libc_nano.a(libc_a-memset.o)
 .ARM.attributes
                0x00000287       0x2d C:/ST/STM32CubeIDE_1.19.0/STM32CubeIDE/plugins/com.st.stm32cube.ide.mcu.externaltools.gnu-tools-for-stm32.13.3.rel1.win32_1.0.0.202411081344/tools/bin/../lib/gcc/arm-none-eabi/13.3.1/../../../../arm-none-eabi/lib/thumb/v7-m/nofp\libc_nano.a(libc_a-init.o)
 .ARM.attributes
                0x000002b4       0x1d C:/ST/STM32CubeIDE_1.19.0/STM32CubeIDE/plugins/com.st.stm32cube.ide.mcu.externaltools.gnu-tools-for-stm32.13.3.rel1.win32_1.0.0.202411081344/tools/bin/../lib/gcc/arm-none-eabi/13.3.1/thumb/v7-m/nofp/crtn.o
OUTPUT(matrix.elf elf32-littlearm)
LOAD linker stubs
LOAD C:/ST/STM32CubeIDE_1.19.0/STM32CubeIDE/plugins/com.st.stm32cube.ide.mcu.externaltools.gnu-tools-for-stm32.13.3.rel1.win32_1.0.0.202411081344/tools/bin/../lib/gcc/arm-none-eabi/13.3.1/../../../../arm-none-eabi/lib/thumb/v7-m/nofp\libc.a
LOAD C:/ST/STM32CubeIDE_1.19.0/STM32CubeIDE/plugins/com.st.stm32cube.ide.mcu.externaltools.gnu-tools-for-stm32.13.3.rel1.win32_1.0.0.202411081344/tools/bin/../lib/gcc/arm-none-eabi/13.3.1/../../../../arm-none-eabi/lib/thumb/v7-m/nofp\libm.a
LOAD C:/ST/STM32CubeIDE_1.19.0/STM32CubeIDE/plugins/com.st.stm32cube.ide.mcu.externaltools.gnu-tools-for-stm32.13.3.rel1.win32_1.0.0.202411081344/tools/bin/../lib/gcc/arm-none-eabi/13.3.1/thumb/v7-m/nofp\libgcc.a

.debug_info     0x00000000     0x70cb
 .debug_info    0x00000000      0x255 ./Core/Src/fonts.o
 .debug_info    0x00000255      0xe75 ./Core/Src/main.o
 .debug_info    0x000010ca     0x1028 ./Core/Src/ssd1306.o
 .debug_info    0x000020f2      0x845 ./Core/Src/stm32f1xx_hal_msp.o
 .debug_info    0x00002937      0x113 ./Core/Src/stm32f1xx_it.o
 .debug_info    0x00002a4a      0x222 ./Core/Src/system_stm32f1xx.o
 .debug_info    0x00002c6c       0x30 ./Core/Startup/startup_stm32f103c8tx.o
 .debug_info    0x00002c9c      0x704 ./Drivers/STM32F1xx_HAL_Driver/Src/stm32f1xx_hal.o
 .debug_info    0x000033a0      0xa87 ./Drivers/STM32F1xx_HAL_Driver/Src/stm32f1xx_hal_cortex.o
 .debug_info    0x00003e27      0x5ab ./Drivers/STM32F1xx_HAL_Driver/Src/stm32f1xx_hal_gpio.o
 .debug_info    0x000043d2     0x2524 ./Drivers/STM32F1xx_HAL_Driver/Src/stm32f1xx_hal_i2c.o
 .debug_info    0x000068f6      0x7d5 ./Drivers/STM32F1xx_HAL_Driver/Src/stm32f1xx_hal_rcc.o

.debug_abbrev   0x00000000     0x1775
 .debug_abbrev  0x00000000      0x11c ./Core/Src/fonts.o
 .debug_abbrev  0x0000011c      0x3ba ./Core/Src/main.o
 .debug_abbrev  0x000004d6      0x30d ./Core/Src/ssd1306.o
 .debug_abbrev  0x000007e3      0x1a3 ./Core/Src/stm32f1xx_hal_msp.o
 .debug_abbrev  0x00000986       0x73 ./Core/Src/stm32f1xx_it.o
 .debug_abbrev  0x000009f9      0x13f ./Core/Src/system_stm32f1xx.o
 .debug_abbrev  0x00000b38       0x24 ./Core/Startup/startup_stm32f103c8tx.o
 .debug_abbrev  0x00000b5c      0x201 ./Drivers/STM32F1xx_HAL_Driver/Src/stm32f1xx_hal.o
 .debug_abbrev  0x00000d5d      0x2f8 ./Drivers/STM32F1xx_HAL_Driver/Src/stm32f1xx_hal_cortex.o
 .debug_abbrev  0x00001055      0x1ca ./Drivers/STM32F1xx_HAL_Driver/Src/stm32f1xx_hal_gpio.o
 .debug_abbrev  0x0000121f      0x2a3 ./Drivers/STM32F1xx_HAL_Driver/Src/stm32f1xx_hal_i2c.o
 .debug_abbrev  0x000014c2      0x2b3 ./Drivers/STM32F1xx_HAL_Driver/Src/stm32f1xx_hal_rcc.o

.debug_aranges  0x00000000      0x818
 .debug_aranges
                0x00000000       0x20 ./Core/Src/fonts.o
 .debug_aranges
                0x00000020       0xb0 ./Core/Src/main.o
 .debug_aranges
                0x000000d0       0xf8 ./Core/Src/ssd1306.o
 .debug_aranges
                0x000001c8       0x30 ./Core/Src/stm32f1xx_hal_msp.o
 .debug_aranges
                0x000001f8       0x60 ./Core/Src/stm32f1xx_it.o
 .debug_aranges
                0x00000258       0x28 ./Core/Src/system_stm32f1xx.o
 .debug_aranges
                0x00000280       0x28 ./Core/Startup/startup_stm32f103c8tx.o
 .debug_aranges
                0x000002a8       0xe0 ./Drivers/STM32F1xx_HAL_Driver/Src/stm32f1xx_hal.o
 .debug_aranges
                0x00000388      0x100 ./Drivers/STM32F1xx_HAL_Driver/Src/stm32f1xx_hal_cortex.o
 .debug_aranges
                0x00000488       0x58 ./Drivers/STM32F1xx_HAL_Driver/Src/stm32f1xx_hal_gpio.o
 .debug_aranges
                0x000004e0      0x2a8 ./Drivers/STM32F1xx_HAL_Driver/Src/stm32f1xx_hal_i2c.o
 .debug_aranges
                0x00000788       0x90 ./Drivers/STM32F1xx_HAL_Driver/Src/stm32f1xx_hal_rcc.o

.debug_rnglists
                0x00000000      0x639
 .debug_rnglists
                0x00000000       0x13 ./Core/Src/fonts.o
 .debug_rnglists
                0x00000013       0x89 ./Core/Src/main.o
 .debug_rnglists
                0x0000009c       0xc2 ./Core/Src/ssd1306.o
 .debug_rnglists
                0x0000015e       0x20 ./Core/Src/stm32f1xx_hal_msp.o
 .debug_rnglists
                0x0000017e       0x43 ./Core/Src/stm32f1xx_it.o
 .debug_rnglists
                0x000001c1       0x1a ./Core/Src/system_stm32f1xx.o
 .debug_rnglists
                0x000001db       0x19 ./Core/Startup/startup_stm32f103c8tx.o
 .debug_rnglists
                0x000001f4       0xa3 ./Drivers/STM32F1xx_HAL_Driver/Src/stm32f1xx_hal.o
 .debug_rnglists
                0x00000297       0xbb ./Drivers/STM32F1xx_HAL_Driver/Src/stm32f1xx_hal_cortex.o
 .debug_rnglists
                0x00000352       0x3f ./Drivers/STM32F1xx_HAL_Driver/Src/stm32f1xx_hal_gpio.o
 .debug_rnglists
                0x00000391      0x23c ./Drivers/STM32F1xx_HAL_Driver/Src/stm32f1xx_hal_i2c.o
 .debug_rnglists
                0x000005cd       0x6c ./Drivers/STM32F1xx_HAL_Driver/Src/stm32f1xx_hal_rcc.o

.debug_macro    0x00000000    0x16eff
 .debug_macro   0x00000000      0x266 ./Core/Src/fonts.o
 .debug_macro   0x00000266      0xacc ./Core/Src/fonts.o
 .debug_macro   0x00000d32      0x215 ./Core/Src/fonts.o
 .debug_macro   0x00000f47       0x2e ./Core/Src/fonts.o
 .debug_macro   0x00000f75       0x22 ./Core/Src/fonts.o
 .debug_macro   0x00000f97       0x22 ./Core/Src/fonts.o
 .debug_macro   0x00000fb9       0x8e ./Core/Src/fonts.o
 .debug_macro   0x00001047       0x51 ./Core/Src/fonts.o
 .debug_macro   0x00001098      0x103 ./Core/Src/fonts.o
 .debug_macro   0x0000119b       0x6a ./Core/Src/fonts.o
 .debug_macro   0x00001205      0x1df ./Core/Src/fonts.o
 .debug_macro   0x000013e4       0x1c ./Core/Src/fonts.o
 .debug_macro   0x00001400       0x22 ./Core/Src/fonts.o
 .debug_macro   0x00001422       0xbd ./Core/Src/fonts.o
 .debug_macro   0x000014df      0xd23 ./Core/Src/fonts.o
 .debug_macro   0x00002202     0xe09e ./Core/Src/fonts.o
 .debug_macro   0x000102a0       0x6d ./Core/Src/fonts.o
 .debug_macro   0x0001030d     0x34a2 ./Core/Src/fonts.o
 .debug_macro   0x000137af      0x190 ./Core/Src/fonts.o
 .debug_macro   0x0001393f       0x5c ./Core/Src/fonts.o
 .debug_macro   0x0001399b      0x5bc ./Core/Src/fonts.o
 .debug_macro   0x00013f57      0x289 ./Core/Src/fonts.o
 .debug_macro   0x000141e0      0x1cb ./Core/Src/fonts.o
 .debug_macro   0x000143ab      0x114 ./Core/Src/fonts.o
 .debug_macro   0x000144bf      0x1b2 ./Core/Src/fonts.o
 .debug_macro   0x00014671       0x27 ./Core/Src/fonts.o
 .debug_macro   0x00014698      0x136 ./Core/Src/fonts.o
 .debug_macro   0x000147ce      0x1bc ./Core/Src/fonts.o
 .debug_macro   0x0001498a       0x34 ./Core/Src/fonts.o
 .debug_macro   0x000149be       0x3c ./Core/Src/fonts.o
 .debug_macro   0x000149fa       0x57 ./Core/Src/fonts.o
 .debug_macro   0x00014a51       0x87 ./Core/Src/fonts.o
 .debug_macro   0x00014ad8      0x240 ./Core/Src/fonts.o
 .debug_macro   0x00014d18      0x287 ./Core/Src/fonts.o
 .debug_macro   0x00014f9f      0x140 ./Core/Src/fonts.o
 .debug_macro   0x000150df       0x83 ./Core/Src/fonts.o
 .debug_macro   0x00015162       0x61 ./Core/Src/fonts.o
 .debug_macro   0x000151c3       0x24 ./Core/Src/fonts.o
 .debug_macro   0x000151e7       0x43 ./Core/Src/fonts.o
 .debug_macro   0x0001522a       0x34 ./Core/Src/fonts.o
 .debug_macro   0x0001525e      0x370 ./Core/Src/fonts.o
 .debug_macro   0x000155ce       0x16 ./Core/Src/fonts.o
 .debug_macro   0x000155e4       0x4a ./Core/Src/fonts.o
 .debug_macro   0x0001562e       0x34 ./Core/Src/fonts.o
 .debug_macro   0x00015662       0x10 ./Core/Src/fonts.o
 .debug_macro   0x00015672       0x58 ./Core/Src/fonts.o
 .debug_macro   0x000156ca       0x8e ./Core/Src/fonts.o
 .debug_macro   0x00015758       0x1c ./Core/Src/fonts.o
 .debug_macro   0x00015774      0x185 ./Core/Src/fonts.o
 .debug_macro   0x000158f9       0x10 ./Core/Src/fonts.o
 .debug_macro   0x00015909       0x3c ./Core/Src/fonts.o
 .debug_macro   0x00015945       0x20 ./Core/Src/fonts.o
 .debug_macro   0x00015965      0x2f4 ./Core/Src/main.o
 .debug_macro   0x00015c59       0x16 ./Core/Src/main.o
 .debug_macro   0x00015c6f       0x16 ./Core/Src/main.o
 .debug_macro   0x00015c85       0x29 ./Core/Src/main.o
 .debug_macro   0x00015cae       0x1d ./Core/Src/main.o
 .debug_macro   0x00015ccb       0x1c ./Core/Src/main.o
 .debug_macro   0x00015ce7       0x10 ./Core/Src/main.o
 .debug_macro   0x00015cf7       0x1c ./Core/Src/main.o
 .debug_macro   0x00015d13       0x16 ./Core/Src/main.o
 .debug_macro   0x00015d29      0x146 ./Core/Src/main.o
 .debug_macro   0x00015e6f       0x22 ./Core/Src/main.o
 .debug_macro   0x00015e91      0x2f1 ./Core/Src/ssd1306.o
 .debug_macro   0x00016182      0x198 ./Core/Src/stm32f1xx_hal_msp.o
 .debug_macro   0x0001631a      0x1a2 ./Core/Src/stm32f1xx_it.o
 .debug_macro   0x000164bc      0x18e ./Core/Src/system_stm32f1xx.o
 .debug_macro   0x0001664a      0x1b2 ./Drivers/STM32F1xx_HAL_Driver/Src/stm32f1xx_hal.o
 .debug_macro   0x000167fc      0x18e ./Drivers/STM32F1xx_HAL_Driver/Src/stm32f1xx_hal_cortex.o
 .debug_macro   0x0001698a      0x1f9 ./Drivers/STM32F1xx_HAL_Driver/Src/stm32f1xx_hal_gpio.o
 .debug_macro   0x00016b83      0x1dc ./Drivers/STM32F1xx_HAL_Driver/Src/stm32f1xx_hal_i2c.o
 .debug_macro   0x00016d5f      0x1a0 ./Drivers/STM32F1xx_HAL_Driver/Src/stm32f1xx_hal_rcc.o

.debug_line     0x00000000     0xa646
 .debug_line    0x00000000      0x836 ./Core/Src/fonts.o
 .debug_line    0x00000836      0xfdd ./Core/Src/main.o
 .debug_line    0x00001813      0xfa5 ./Core/Src/ssd1306.o
 .debug_line    0x000027b8      0x715 ./Core/Src/stm32f1xx_hal_msp.o
 .debug_line    0x00002ecd      0x779 ./Core/Src/stm32f1xx_it.o
 .debug_line    0x00003646      0x749 ./Core/Src/system_stm32f1xx.o
 .debug_line    0x00003d8f       0x78 ./Core/Startup/startup_stm32f103c8tx.o
 .debug_line    0x00003e07      0x97a ./Drivers/STM32F1xx_HAL_Driver/Src/stm32f1xx_hal.o
 .debug_line    0x00004781      0xb44 ./Drivers/STM32F1xx_HAL_Driver/Src/stm32f1xx_hal_cortex.o
 .debug_line    0x000052c5      0x9d7 ./Drivers/STM32F1xx_HAL_Driver/Src/stm32f1xx_hal_gpio.o
 .debug_line    0x00005c9c     0x3b77 ./Drivers/STM32F1xx_HAL_Driver/Src/stm32f1xx_hal_i2c.o
 .debug_line    0x00009813      0xe33 ./Drivers/STM32F1xx_HAL_Driver/Src/stm32f1xx_hal_rcc.o

.debug_str      0x00000000    0x826de
 .debug_str     0x00000000    0x826de ./Core/Src/fonts.o
                              0x7f8e6 (size before relaxing)
 .debug_str     0x000826de    0x80a0c ./Core/Src/main.o
 .debug_str     0x000826de    0x803b3 ./Core/Src/ssd1306.o
 .debug_str     0x000826de    0x7cbd0 ./Core/Src/stm32f1xx_hal_msp.o
 .debug_str     0x000826de    0x7c6e1 ./Core/Src/stm32f1xx_it.o
 .debug_str     0x000826de    0x7c6f7 ./Core/Src/system_stm32f1xx.o
 .debug_str     0x000826de       0x7d ./Core/Startup/startup_stm32f103c8tx.o
 .debug_str     0x000826de    0x7ce2a ./Drivers/STM32F1xx_HAL_Driver/Src/stm32f1xx_hal.o
 .debug_str     0x000826de    0x7cd76 ./Drivers/STM32F1xx_HAL_Driver/Src/stm32f1xx_hal_cortex.o
 .debug_str     0x000826de    0x7ca7d ./Drivers/STM32F1xx_HAL_Driver/Src/stm32f1xx_hal_gpio.o
 .debug_str     0x000826de    0x7d7be ./Drivers/STM32F1xx_HAL_Driver/Src/stm32f1xx_hal_i2c.o
 .debug_str     0x000826de    0x7cb26 ./Drivers/STM32F1xx_HAL_Driver/Src/stm32f1xx_hal_rcc.o

.comment        0x00000000       0x43
 .comment       0x00000000       0x43 ./Core/Src/fonts.o
                                 0x44 (size before relaxing)
 .comment       0x00000043       0x44 ./Core/Src/main.o
 .comment       0x00000043       0x44 ./Core/Src/ssd1306.o
 .comment       0x00000043       0x44 ./Core/Src/stm32f1xx_hal_msp.o
 .comment       0x00000043       0x44 ./Core/Src/stm32f1xx_it.o
 .comment       0x00000043       0x44 ./Core/Src/system_stm32f1xx.o
 .comment       0x00000043       0x44 ./Drivers/STM32F1xx_HAL_Driver/Src/stm32f1xx_hal.o
 .comment       0x00000043       0x44 ./Drivers/STM32F1xx_HAL_Driver/Src/stm32f1xx_hal_cortex.o
 .comment       0x00000043       0x44 ./Drivers/STM32F1xx_HAL_Driver/Src/stm32f1xx_hal_gpio.o
 .comment       0x00000043       0x44 ./Drivers/STM32F1xx_HAL_Driver/Src/stm32f1xx_hal_i2c.o
 .comment       0x00000043       0x44 ./Drivers/STM32F1xx_HAL_Driver/Src/stm32f1xx_hal_rcc.o

.debug_frame    0x00000000     0x2034
 .debug_frame   0x00000000       0x38 ./Core/Src/fonts.o
 .debug_frame   0x00000038      0x27c ./Core/Src/main.o
 .debug_frame   0x000002b4      0x414 ./Core/Src/ssd1306.o
 .debug_frame   0x000006c8       0x80 ./Core/Src/stm32f1xx_hal_msp.o
 .debug_frame   0x00000748      0x104 ./Core/Src/stm32f1xx_it.o
 .debug_frame   0x0000084c       0x58 ./Core/Src/system_stm32f1xx.o
 .debug_frame   0x000008a4      0x334 ./Drivers/STM32F1xx_HAL_Driver/Src/stm32f1xx_hal.o
 .debug_frame   0x00000bd8      0x428 ./Drivers/STM32F1xx_HAL_Driver/Src/stm32f1xx_hal_cortex.o
 .debug_frame   0x00001000      0x14c ./Drivers/STM32F1xx_HAL_Driver/Src/stm32f1xx_hal_gpio.o
 .debug_frame   0x0000114c      0xc84 ./Drivers/STM32F1xx_HAL_Driver/Src/stm32f1xx_hal_i2c.o
 .debug_frame   0x00001dd0      0x218 ./Drivers/STM32F1xx_HAL_Driver/Src/stm32f1xx_hal_rcc.o
 .debug_frame   0x00001fe8       0x20 C:/ST/STM32CubeIDE_1.19.0/STM32CubeIDE/plugins/com.st.stm32cube.ide.mcu.externaltools.gnu-tools-for-stm32.13.3.rel1.win32_1.0.0.202411081344/tools/bin/../lib/gcc/arm-none-eabi/13.3.1/../../../../arm-none-eabi/lib/thumb/v7-m/nofp\libc_nano.a(libc_a-memset.o)
 .debug_frame   0x00002008       0x2c C:/ST/STM32CubeIDE_1.19.0/STM32CubeIDE/plugins/com.st.stm32cube.ide.mcu.externaltools.gnu-tools-for-stm32.13.3.rel1.win32_1.0.0.202411081344/tools/bin/../lib/gcc/arm-none-eabi/13.3.1/../../../../arm-none-eabi/lib/thumb/v7-m/nofp\libc_nano.a(libc_a-init.o)

.debug_line_str
                0x00000000       0x61
 .debug_line_str
                0x00000000       0x61 ./Core/Startup/startup_stm32f103c8tx.o
